../Core/Src/lcd.c:20:13:GPIO_Config	40	static
../Core/Src/lcd.c:46:13:I2C_Config	16	static
../Core/Src/lcd.c:71:6:LCD_Send_Cmd	32	static
../Core/Src/lcd.c:113:6:LCD_Send_Data	32	static
../Core/Src/lcd.c:155:6:LCD_Init	8	static
../Core/Src/lcd.c:193:6:LCD_Send_String	16	static
../Core/Src/lcd.c:207:6:LCD_Clear_Then_Display	16	static
../Core/Src/lcd.c:220:6:LCD_Send_String_On_Line1	16	static
../Core/Src/lcd.c:232:6:LCD_Send_String_On_Line2	16	static
../Core/Src/lcd.c:244:6:LCD_Display_Long_Message	32	static
