../Core/Src/main.c:141:5:main	16	static
../Core/Src/main.c:212:6:SystemClock_Config	88	static
../Core/Src/main.c:259:13:MX_ADC1_Init	24	static
../Core/Src/main.c:311:13:MX_I2C1_Init	8	static
../Core/Src/main.c:345:13:MX_TIM1_Init	96	static
../Core/Src/main.c:420:13:MX_TIM2_Init	32	static
../Core/Src/main.c:465:13:MX_TIM3_Init	32	static
../Core/Src/main.c:517:13:MX_GPIO_Init	40	static
../Core/Src/main.c:568:6:HAL_TIM_PeriodElapsedCallback	32	static
../Core/Src/main.c:580:6:HAL_GPIO_EXTI_Callback	16	static
../Core/Src/main.c:606:6:excute	16	static
../Core/Src/main.c:949:6:Select	16	static
../Core/Src/main.c:993:6:SetMotorSpeed	48	static
../Core/Src/main.c:1010:6:check_botton	16	static
../Core/Src/main.c:1031:9:check_power_button	8	static
../Core/Src/main.c:1056:6:motor_direction	16	static
../Core/Src/main.c:1086:6:Error_Handler	4	static,ignoring_inline_asm
